$jscomp$scope$84173391$0$PENDING:Ak
$jscomp$scope$84173391$1$RESOLVED:Kk
$jscomp$scope$84173391$10$defaultResolveBindHandler:Rk
$jscomp$scope$84173391$11$defaultRejectHandler:Sk
$jscomp$scope$84173391$12$CancellationError:Tk
$jscomp$scope$84173391$13$PromiseImpl:Gk
$jscomp$scope$84173391$14$nextTick:Nk
$jscomp$scope$84173391$18$isFunction:Hk
$jscomp$scope$84173391$2$REJECTED:Lk
$jscomp$scope$84173391$23$completeDeferredFn:Ok
$jscomp$scope$84173391$24$process:Mk
$jscomp$scope$84173391$25$processNextTick:Ck
$jscomp$scope$84173391$26$resolveTask:Dk
$jscomp$scope$84173391$27$transition:yk
$jscomp$scope$84173391$28$NULL_PROMISE:Vk
$jscomp$scope$84173391$3$QUEUE:Jk
$jscomp$scope$84173391$4$STATE:zk
$jscomp$scope$84173391$5$VALUE:Bk
$jscomp$scope$84173391$6$RESOLVE_TYPE_FLATTEN:Fk
$jscomp$scope$84173391$7$RESOLVE_TYPE_BIND:Ik
$jscomp$scope$84173391$8$RESOLVE_TYPE_MAP:Ek
$jscomp$scope$84173391$9$defaultResolveMapHandler:Pk
JSCompiler_StaticMethods_assoc_BANG_:Lf
JSCompiler_StaticMethods_cljs$core$ITransientVector$_assoc_n_BANG_$arity$3:Qe
JSCompiler_StaticMethods_fbind:Uk
JSCompiler_StaticMethods_sval:wd
JSCompiler_prototypeAlias:g
L 0:a
L 1:b
L 10:n
L 11:q
L 12:v
L 13:y
L 14:D
L 15:E
L 16:N
L 17:R
L 18:V
L 19:fa
L 2:c
L 20:oa
L 21:Xa
L 22:hf
L 23:Jl
L 24:Kl
L 25:Ll
L 26:xl
L 27:yl
L 3:d
L 4:e
L 5:f
L 6:h
L 7:k
L 8:l
L 9:m
cljs$core$ArrayChunk:yd
cljs$core$ArrayNode:uf
cljs$core$ArrayNodeIterator:yf
cljs$core$ArrayNodeSeq:Ff
cljs$core$Atom:$d
cljs$core$BitmapIndexedNode:qf
cljs$core$BitmapIndexedNode$EMPTY:tf
cljs$core$Box:kf
cljs$core$ChunkBuffer:xd
cljs$core$ChunkedCons:Ad
cljs$core$ChunkedSeq:Ke
cljs$core$Cons:rd
cljs$core$ES6EntriesIterator:Ue
cljs$core$ES6Iterator:jc
cljs$core$ES6IteratorSeq:lc
cljs$core$ES6SetEntriesIterator:Ve
cljs$core$EmptyList:qd
cljs$core$Fn:Da
cljs$core$HashCollisionNode:Cf
cljs$core$HashMapIter:Hf
cljs$core$HashSetIter:Sf
cljs$core$IAssociative:Ta
cljs$core$ICollection:Ja
cljs$core$ICounted:Fa
cljs$core$IEmptyableCollection:Ha
cljs$core$IEncodeJS:sg
cljs$core$IFn:Ea
cljs$core$IIndexed:La
cljs$core$IIndexed$_nth$dyn_7948:Ma
cljs$core$IIterable:Mb
cljs$core$IKVReduce:nb
cljs$core$IList:ub
cljs$core$ILookup:Qa
cljs$core$ILookup$_lookup$dyn_7958:Sa
cljs$core$IMap:Ya
cljs$core$IMeta:hb
cljs$core$INIT:Td
cljs$core$INext:Pa
cljs$core$IPrintWithWriter:xb
cljs$core$IRecord:vb
cljs$core$IReduce:kb
cljs$core$IReduce$_reduce$dyn_7989:mb
cljs$core$ISeq:Na
cljs$core$ISeqable:rb
cljs$core$ISequential:tb
cljs$core$ISet:bb
cljs$core$ISwap$_swap_BANG_$dyn_8097:Lb
cljs$core$ITER_SYMBOL:ya
cljs$core$IVector:fb
cljs$core$IndexedSeq:H
cljs$core$IndexedSeqIterator:Dc
cljs$core$KeySeq:Mf
cljs$core$Keyword:F
cljs$core$LazySeq:vd
cljs$core$List:Jc
cljs$core$List$EMPTY:ic
cljs$core$MapEntry:ye
cljs$core$MetaFn:Oc
cljs$core$NeverEquiv:Re
cljs$core$NodeIterator:pf
cljs$core$NodeSeq:Df
cljs$core$PROTOCOL_SENTINEL:r
cljs$core$PersistentArrayMap:t
cljs$core$PersistentArrayMap$EMPTY:Rd
cljs$core$PersistentArrayMap$HASHMAP_THRESHOLD:bf
cljs$core$PersistentArrayMap$createAsIfByAssoc:Lc
cljs$core$PersistentArrayMap$createAsIfByAssocComplexPath:gf
cljs$core$PersistentArrayMapIterator:Ye
cljs$core$PersistentArrayMapSeq:Xe
cljs$core$PersistentHashMap:If
cljs$core$PersistentHashMap$EMPTY:cf
cljs$core$PersistentHashMap$fromArrays:Kf
cljs$core$PersistentHashSet:Tf
cljs$core$PersistentHashSet$EMPTY:Vf
cljs$core$PersistentVector:U
cljs$core$PersistentVector$EMPTY:Ic
cljs$core$PersistentVector$EMPTY_NODE:W
cljs$core$PersistentVector$fromArray:Ee
cljs$core$RangedIterator:ue
cljs$core$Reduced:rc
cljs$core$START:Ud
cljs$core$SeqIter:Vd
cljs$core$StringBufferWriter:Pb
cljs$core$Subvec:Me
cljs$core$Symbol:ac
cljs$core$TransientArrayMap:af
cljs$core$TransientHashMap:Jf
cljs$core$TransientHashSet:Uf
cljs$core$TransientVector:ze
cljs$core$UUID:xg
cljs$core$ValSeq:Nf
cljs$core$VectorNode:je
cljs$core$_EQ_:K
cljs$core$_STAR_print_level_STAR_:na
cljs$core$__destructure_map:Qd
cljs$core$_add_watch:zb
cljs$core$_as_transient:Cb
cljs$core$_assoc:Va
cljs$core$_assoc_BANG_:Fb
cljs$core$_assoc_n:gb
cljs$core$_chunked_first:Hb
cljs$core$_chunked_rest:Ib
cljs$core$_clj__GT_js:tg
cljs$core$_conj:Ka
cljs$core$_conj_BANG_:Db
cljs$core$_contains_key_QMARK_:Ua
cljs$core$_count:Ga
cljs$core$_deref:C
cljs$core$_disjoin:cb
cljs$core$_dissoc:Za
cljs$core$_drop:Ob
cljs$core$_drop_first:Gb
cljs$core$_empty:Ia
cljs$core$_equiv:pb
cljs$core$_find:Wa
cljs$core$_first:B
cljs$core$_hash:qb
cljs$core$_indexOf$cljs$0core$0IFn$0_invoke$0arity$03:M
cljs$core$_iterator:Nb
cljs$core$_key:$a
cljs$core$_kv_reduce:ob
cljs$core$_lastIndexOf$cljs$0core$0IFn$0_invoke$0arity$03:P
cljs$core$_lookup:Ra
cljs$core$_meta:ib
cljs$core$_nth:A
cljs$core$_peek:db
cljs$core$_persistent_BANG_:Eb
cljs$core$_pop:eb
cljs$core$_pr_writer:yb
cljs$core$_reduce:lb
cljs$core$_remove_watch:Bb
cljs$core$_reset_BANG_:Jb
cljs$core$_rest:Oa
cljs$core$_seq:sb
cljs$core$_swap_BANG_:Kb
cljs$core$_val:ab
cljs$core$_with_meta:jb
cljs$core$_write:wb
cljs$core$aclone:za
cljs$core$apply:Pc
cljs$core$apply$cljs$0core$0IFn$0_invoke$0arity$02:Ld
cljs$core$apply$cljs$0core$0IFn$0_invoke$0arity$03:Md
cljs$core$apply$cljs$0core$0IFn$0_invoke$0arity$04:Nd
cljs$core$apply$cljs$0core$0IFn$0_invoke$0arity$05:Od
cljs$core$apply$cljs$0core$0IFn$0_invoke$0arity$0variadic:Pd
cljs$core$apply_to:Fd
cljs$core$apply_to_simple$cljs$0core$0IFn$0_invoke$0arity$03:Hd
cljs$core$apply_to_simple$cljs$0core$0IFn$0_invoke$0arity$04:Id
cljs$core$apply_to_simple$cljs$0core$0IFn$0_invoke$0arity$05:Jd
cljs$core$apply_to_simple$cljs$0core$0IFn$0_invoke$0arity$06:Kd
cljs$core$array_QMARK_:va
cljs$core$array__GT_transient_hash_map:jf
cljs$core$array_copy:ad
cljs$core$array_for:re
cljs$core$array_index_of:We
cljs$core$array_reduce$cljs$0core$0IFn$0_invoke$0arity$02:wc
cljs$core$array_reduce$cljs$0core$0IFn$0_invoke$0arity$03:xc
cljs$core$array_reduce$cljs$0core$0IFn$0_invoke$0arity$04:yc
cljs$core$assoc:S
cljs$core$assoc_in:he
cljs$core$bit_count:pd
cljs$core$boolean$0:cd
cljs$core$bounded_count:Dd
cljs$core$build_subvec:Ne
cljs$core$char_escapes:dg
cljs$core$chunk_append:Cd
cljs$core$chunk_buffer:zd
cljs$core$chunk_cons:Bd
cljs$core$chunked_seq:De
cljs$core$chunked_seq$cljs$0core$0IFn$0_invoke$0arity$04:Ce
cljs$core$chunked_seq$cljs$0core$0IFn$0_invoke$0arity$05:Le
cljs$core$chunked_seq_QMARK_:$c
cljs$core$ci_reduce$cljs$0core$0IFn$0_invoke$0arity$02:uc
cljs$core$ci_reduce$cljs$0core$0IFn$0_invoke$0arity$03:vc
cljs$core$clj__GT_js:vg
cljs$core$clone_and_set$cljs$0core$0IFn$0_invoke$0arity$03:lf
cljs$core$coll_QMARK_:Uc
cljs$core$complement:Yd
cljs$core$conj:Hc
cljs$core$cons:Fc
cljs$core$contains_QMARK_:fd
cljs$core$count:O
cljs$core$counted_QMARK_:zc
cljs$core$create_array_node_seq:Af
cljs$core$create_array_node_seq$cljs$0core$0IFn$0_invoke$0arity$01:zf
cljs$core$create_array_node_seq$cljs$0core$0IFn$0_invoke$0arity$03:Gf
cljs$core$create_inode_seq:sf
cljs$core$create_inode_seq$cljs$0core$0IFn$0_invoke$0arity$01:rf
cljs$core$create_inode_seq$cljs$0core$0IFn$0_invoke$0arity$03:Ef
cljs$core$create_node:wf
cljs$core$create_node$cljs$0core$0IFn$0_invoke$0arity$06:xf
cljs$core$create_node$cljs$0core$0IFn$0_invoke$0arity$07:vf
cljs$core$deref:tc
cljs$core$disj:Sc
cljs$core$dissoc:Mc
cljs$core$do_assoc:se
cljs$core$drop$cljs$0core$0IFn$0_invoke$0arity$02:ce
cljs$core$drop_last$cljs$0core$0IFn$0_invoke$0arity$02:de
cljs$core$edit_and_set$cljs$0core$0IFn$0_invoke$0arity$04:nf
cljs$core$empty_QMARK_:Tc
cljs$core$empty_ordered_hash:nc
cljs$core$empty_unordered_hash:pc
cljs$core$equiv_map:Te
cljs$core$equiv_sequential:Ec
cljs$core$es6_iterator:kc
cljs$core$es6_iterator_seq:gc
cljs$core$every_QMARK_:Wd
cljs$core$filter$cljs$0core$0IFn$0_invoke$0arity$02:ee
cljs$core$first:I
cljs$core$fn_QMARK_:Nc
cljs$core$gensym$cljs$0core$0IFn$0_invoke$0arity$01:rg
cljs$core$gensym_counter:qg
cljs$core$get:cc
cljs$core$get$cljs$0core$0IFn$0_invoke$0arity$02:bc
cljs$core$get$cljs$0core$0IFn$0_invoke$0arity$03:dc
cljs$core$get_in$cljs$0core$0IFn$0_invoke$0arity$02:ge
cljs$core$hash:Zb
cljs$core$hash_collision_node_find_index:Bf
cljs$core$hash_combine:$b
cljs$core$hash_ordered_coll:mc
cljs$core$hash_string:Yb
cljs$core$hash_unordered_coll:oc
cljs$core$identity:md
cljs$core$ifn_QMARK_:dd
cljs$core$imul:Rb
cljs$core$inc:qc
cljs$core$indexed_QMARK_:Ac
cljs$core$inode_kv_reduce:of
cljs$core$integer_QMARK_:ed
cljs$core$into:fe
cljs$core$into_array$cljs$0core$0IFn$0_invoke$0arity$02:Aa
cljs$core$iter_reduce$cljs$0core$0IFn$0_invoke$0arity$02:id
cljs$core$iter_reduce$cljs$0core$0IFn$0_invoke$0arity$03:jd
cljs$core$iterable_QMARK_:fc
cljs$core$keep$cljs$0core$0IFn$0_invoke$0arity$02:Zd
cljs$core$key:He
cljs$core$key__GT_js$cljs$0core$0IFn$0_invoke$0arity$02:ug
cljs$core$key_test:df
cljs$core$keys:Ze
cljs$core$keyword:td
cljs$core$lift_ns:ng
cljs$core$linear_traversal_nth$cljs$0core$0IFn$0_invoke$0arity$03:Kc
cljs$core$lookup_sentinel:bd
cljs$core$m3_fmix:Ub
cljs$core$m3_hash_unencoded_chars:Vb
cljs$core$m3_mix_H1:Tb
cljs$core$m3_mix_K1:Sb
cljs$core$map:be
cljs$core$map_QMARK_:Xc
cljs$core$map_entry_QMARK_:Ge
cljs$core$merge:Of
cljs$core$meta:Rc
cljs$core$missing_protocol:x
cljs$core$name:ud
cljs$core$namespace:sd
cljs$core$native_satisfies_QMARK_:w
cljs$core$never_equiv:Se
cljs$core$new_path:ne
cljs$core$next:J
cljs$core$next_STAR_:Gd
cljs$core$not:wa
cljs$core$nth:Cc
cljs$core$nth$cljs$0core$0IFn$0_invoke$0arity$02:Bc
cljs$core$nth$cljs$0core$0IFn$0_invoke$0arity$03:Q
cljs$core$pam_grow_seed_array:ff
cljs$core$pam_new_size:ef
cljs$core$pop_tail:te
cljs$core$pr_opts:pa
cljs$core$pr_sequential_writer:ag
cljs$core$pr_str_STAR_:Qb
cljs$core$pr_str_with_opts:lg
cljs$core$pr_writer:hg
cljs$core$pr_writer_impl:gg
cljs$core$prim_seq$cljs$0core$0IFn$0_invoke$0arity$02:Gc
cljs$core$print_map:ig
cljs$core$print_meta_QMARK_:fg
cljs$core$print_prefix_map:og
cljs$core$push_tail:oe
cljs$core$pv_clone_node:le
cljs$core$pv_fresh_node:ke
cljs$core$pv_reduce$cljs$0core$0IFn$0_invoke$0arity$04:we
cljs$core$pv_reduce$cljs$0core$0IFn$0_invoke$0arity$05:xe
cljs$core$quot:od
cljs$core$quote_string:eg
cljs$core$random_uuid:yg
cljs$core$ranged_iterator:ve
cljs$core$re_find:Yf
cljs$core$re_matches:Xf
cljs$core$re_seq:$f
cljs$core$re_seq_STAR_:Zf
cljs$core$record_QMARK_:Yc
cljs$core$reduce:Ca
cljs$core$reduce$cljs$0core$0IFn$0_invoke$0arity$02:kd
cljs$core$reduce$cljs$0core$0IFn$0_invoke$0arity$03:Ba
cljs$core$reduce_kv:ld
cljs$core$reduced_QMARK_:sc
cljs$core$remove_pair:mf
cljs$core$reset_BANG_:ae
cljs$core$rest:hc
cljs$core$select_keys:Pf
cljs$core$seq:G
cljs$core$seq_reduce$cljs$0core$0IFn$0_invoke$0arity$02:gd
cljs$core$seq_reduce$cljs$0core$0IFn$0_invoke$0arity$03:hd
cljs$core$sequential_QMARK_:Wc
cljs$core$set:Wf
cljs$core$set_QMARK_:Vc
cljs$core$some:Xd
cljs$core$spread:Ed
cljs$core$str:z
cljs$core$string_hash_cache:Wb
cljs$core$string_hash_cache_count:Xb
cljs$core$strip_ns:mg
cljs$core$swap_BANG_:T
cljs$core$symbol:ec
cljs$core$t_cljs$0core6554:Sd
cljs$core$tail_off:me
cljs$core$transduce$cljs$0core$0IFn$0_invoke$0arity$04:nd
cljs$core$truth_:u
cljs$core$tv_editable_root:Ae
cljs$core$tv_editable_tail:Be
cljs$core$tv_ensure_editable:Oe
cljs$core$tv_push_tail:Pe
cljs$core$type__GT_str:xa
cljs$core$unchecked_array_for:qe
cljs$core$update:ie
cljs$core$val:Ie
cljs$core$vals:$e
cljs$core$vec:Fe
cljs$core$vector:Je
cljs$core$vector_QMARK_:Zc
cljs$core$vector_index_out_of_bounds:pe
cljs$core$with_meta:Qc
cljs$core$write_all$cljs$0core$0IFn$0_invoke$0arity$0variadic:cg
cljs$cst$0$flush_on_newline:qa
cljs$cst$1$readably:ra
cljs$cst$105$more_marker:bg
cljs$cst$106$alt_impl:jg
cljs$cst$107$fallback_impl:kg
cljs$cst$108$val:pg
cljs$cst$109$status:Qg
cljs$cst$126$keyword_fn:wg
cljs$cst$139$type:ri
cljs$cst$142$data:ch
cljs$cst$179$name:ih
cljs$cst$182$class:lh
cljs$cst$184$key:pi
cljs$cst$186$on_dispose:Ch
cljs$cst$189$auto_run:Wg
cljs$cst$193$on_set:vi
cljs$cst$194$no_cache:Ng
cljs$cst$2$meta:sa
cljs$cst$202$shouldComponentUpdate:fh
cljs$cst$203$componentWillUnmount:Jg
cljs$cst$204$reagentRender:rh
cljs$cst$205$render:zh
cljs$cst$206$displayName:Dh
cljs$cst$207$cljsLegacyRender:Uh
cljs$cst$208$childContextTypes:gh
cljs$cst$209$contextTypes:vh
cljs$cst$210$contextType:oi
cljs$cst$211$getDerivedStateFromProps:Zg
cljs$cst$212$getDerivedStateFromError:Hh
cljs$cst$213$getInitialState:bh
cljs$cst$214$constructor:Kg
cljs$cst$215$reagent_render:sh
cljs$cst$216$on_write:Fg
cljs$cst$217$display_name:Wh
cljs$cst$218$component_did_update:mh
cljs$cst$219$component_will_unmount:kh
cljs$cst$222$id:li
cljs$cst$223$className:Og
cljs$cst$229$function_components:Yh
cljs$cst$230$parse_tag:$g
cljs$cst$234$response:Ph
cljs$cst$235$request:ai
cljs$cst$236$semantic:Tg
cljs$cst$237$bookmarklet:Gg
cljs$cst$238$embedded_title:Mg
cljs$cst$239$userscript:Xg
cljs$cst$240$terminal_connected:Oh
cljs$cst$241$snippet:Lh
cljs$cst$242$command:Ug
cljs$cst$243$route:th
cljs$cst$244$macro:wi
cljs$cst$245$clipboard:oh
cljs$cst$246$nav_open:wh
cljs$cst$247$command_output:zg
cljs$cst$248$embedded_url:Lg
cljs$cst$249$method:Cg
cljs$cst$250$url:qh
cljs$cst$251$headers:Rh
cljs$cst$252$body:ah
cljs$cst$253$home:Mh
cljs$cst$267$description:Hg
cljs$cst$268$terminal:di
cljs$cst$269$ports:dh
cljs$cst$270$automation:Fh
cljs$cst$271$network:jh
cljs$cst$272$dom:Eh
cljs$cst$273$metadata:nh
cljs$cst$274$source:bi
cljs$cst$275$section_DOT_panel:Yg
cljs$cst$276$h2:hh
cljs$cst$277$textarea:ii
cljs$cst$278$value:ei
cljs$cst$279$on_change:Gh
cljs$cst$280$div_DOT_toolbar:Ah
cljs$cst$281$button:ni
cljs$cst$282$on_click:Sh
cljs$cst$283$pre_DOT_terminal_output:Ag
cljs$cst$284$cockpit:fi
cljs$cst$285$github:Kh
cljs$cst$286$obsidian:Dg
cljs$cst$287$canva:ci
cljs$cst$288$plantuml:ji
cljs$cst$289$drawio:Zh
cljs$cst$290$div_DOT_port_grid:qi
cljs$cst$291$div_DOT_embedded:Th
cljs$cst$292$header:Pg
cljs$cst$293$strong:Vh
cljs$cst$294$iframe:ph
cljs$cst$295$src:Vg
cljs$cst$296$title:Bh
cljs$cst$297$status_text:Nh
cljs$cst$3$dup:ta
cljs$cst$301$pre_DOT_output:ui
cljs$cst$302$footer_DOT_footer:Rg
cljs$cst$303$span_DOT_prompt:Xh
cljs$cst$304$form:Qh
cljs$cst$305$on_submit:uh
cljs$cst$306$input:gi
cljs$cst$307$placeholder:Ih
cljs$cst$308$div_DOT_hero:ti
cljs$cst$309$div:$h
cljs$cst$310$span_DOT_eyebrow:si
cljs$cst$311$h1:eh
cljs$cst$312$p:Ig
cljs$cst$313$div_DOT_status_card:mi
cljs$cst$314$span:ki
cljs$cst$315$div_DOT_workspace_grid:Sg
cljs$cst$316$header_DOT_header:yh
cljs$cst$317$strong_DOT_brand:xh
cljs$cst$318$nav_DOT_tabs:Eg
cljs$cst$319$_LT__GT_:hi
cljs$cst$320$main_DOT_main:Bg
cljs$cst$4$print_length:ua
cljs$cst$47$validator:Jh
cljs$cst$98$cljs_DOT_core_SLASH_not_found:Rf
clojure$set$difference:gj
clojure$string$join$cljs$0core$0IFn$0_invoke$0arity$02:Gi
clojure$string$replace:Fi
clojure$string$replace_all:Di
clojure$string$replace_with:Ei
clojure$string$split$cljs$0core$0IFn$0_invoke$0arity$02:Hi
clojure$string$trim:Ii
element$jscomp$inline_843:Il
fn_to_element$jscomp$inline_815:rk
goog$UID_PROPERTY_:da
goog$getUid:ca
goog$global:aa
goog$isObject:ba
goog$string$StringBuffer:ma
goog$string$internal$trim:ha
goog$typeOf:p
goog$uidCounter_:ea
id$jscomp$inline_814:qk
module$contents$goog$object_PROTOTYPE_FIELDS:ka
module$contents$goog$object_extend:la
module$contents$goog$object_get:ja
module$contents$goog$object_getKeys:ia
module$node_modules$react$index:Bi
module$node_modules$react_dom$client:Ci
opts$jscomp$inline_813:pk
parse_fn$jscomp$inline_816:sk
promesa$impl$extend_promise_BANG_:Yk
promesa$impl$promise$coerce:Xk
promesa$impl$promise$rejected:Wk
promesa$impl$promise$resolved:Qk
promesa$protocols$IPromise$_mcat$dyn_8566:uk
promesa$protocols$_cancelled_QMARK_:xk
promesa$protocols$_mcat:Y
promesa$protocols$_pending_QMARK_:wk
promesa$protocols$_promise:Z
promesa$protocols$_rejected_QMARK_:vk
reagent$dom$client$reagent_root:tk
reagent$impl$batching$RenderQueue:$i
reagent$impl$batching$compare_mount_order:Wi
reagent$impl$batching$enqueue:Zi
reagent$impl$batching$fake_raf:Ui
reagent$impl$batching$mount_count:Ti
reagent$impl$batching$next_tick:Vi
reagent$impl$batching$queue_render:bj
reagent$impl$batching$ratom_flush:Xi
reagent$impl$batching$render_queue:aj
reagent$impl$batching$run_funs:Yi
reagent$impl$component$_STAR_current_component_STAR_:yj
reagent$impl$component$built_in_static_method_names:Qf
reagent$impl$component$cache_react_class:Kj
reagent$impl$component$camelify_map_keys:Fj
reagent$impl$component$cljsify:Ij
reagent$impl$component$create_class:Jj
reagent$impl$component$custom_wrapper:Cj
reagent$impl$component$dash_to_method_name:Ej
reagent$impl$component$functional_render:Mj
reagent$impl$component$functional_render_fn:Oj
reagent$impl$component$functional_render_memo_fn:Nj
reagent$impl$component$functional_wrap_render:Lj
reagent$impl$component$map_to_js:Hj
reagent$impl$component$obligatory:Dj
reagent$impl$component$props_argv:zj
reagent$impl$component$rat_opts:xj
reagent$impl$component$reagent_class_QMARK_:Aj
reagent$impl$component$wrap_funs:Gj
reagent$impl$component$wrap_render:Bj
reagent$impl$input$_STAR_force_set_dom_value_STAR_:Qj
reagent$impl$input$input_component_set_value:Sj
reagent$impl$input$input_handle_change:Tj
reagent$impl$input$input_node_set_value:Rj
reagent$impl$input$input_render_setup:Uj
reagent$impl$input$input_spec:Vj
reagent$impl$input$these_inputs_have_selection_api:Pj
reagent$impl$protocols$as_element:ej
reagent$impl$protocols$get_id:cj
reagent$impl$protocols$make_element:fj
reagent$impl$protocols$parse_tag:dj
reagent$impl$template$HiccupTag:fk
reagent$impl$template$_STAR_current_default_compiler_STAR_:ok
reagent$impl$template$cache_get:Yj
reagent$impl$template$convert_custom_prop_value:dk
reagent$impl$template$convert_prop_value:ak
reagent$impl$template$custom_kv_conv:ck
reagent$impl$template$custom_prop_name_cache:bk
reagent$impl$template$expand_seq:lk
reagent$impl$template$function_element:hk
reagent$impl$template$kv_conv:Zj
reagent$impl$template$make_element:ek
reagent$impl$template$maybe_function_element:ik
reagent$impl$template$native_element:kk
reagent$impl$template$prop_name_cache:Xj
reagent$impl$template$re_tag:Wj
reagent$impl$template$reag_element:gk
reagent$impl$template$t_reagent$0impl$0template8272:nk
reagent$impl$template$tag_name_cache:jk
reagent$impl$template$vec_to_elem:mk
reagent$impl$util$_STAR_always_update_STAR_:Qi
reagent$impl$util$capitalize:Li
reagent$impl$util$class_names:Pi
reagent$impl$util$dash_to_prop_name:Mi
reagent$impl$util$dont_camel_case:Ki
reagent$impl$util$fun_name:Ni
reagent$impl$util$get_react_key:Ri
reagent$impl$util$is_client:Ji
reagent$impl$util$named_QMARK_:Oi
reagent$impl$util$react_key_from_vec:Si
reagent$ratom$RAtom:pj
reagent$ratom$Reaction:sj
reagent$ratom$_STAR_ratom_context_STAR_:hj
reagent$ratom$add_w:kj
reagent$ratom$atom:qj
reagent$ratom$deref_capture:ij
reagent$ratom$dispose_BANG_:rj
reagent$ratom$flush_BANG_:tj
reagent$ratom$handle_reaction_change:Ab
reagent$ratom$make_reaction:uj
reagent$ratom$notify_deref_watcher_BANG_:jj
reagent$ratom$notify_w:mj
reagent$ratom$pr_atom:nj
reagent$ratom$rea_queue:oj
reagent$ratom$remove_w:lj
reagent$ratom$run_in_reaction:wj
reagent$ratom$temp_reaction:vj
scrov$bookmarks$component:ml
scrov$bookmarks$save_BANG_:ll
scrov$clipboard$component:sl
scrov$clipboard$read_BANG_:ql
scrov$clipboard$write_BANG_:rl
scrov$command$commands:Zk
scrov$command$dispatch_route:al
scrov$command$execute_BANG_:cl
scrov$command$execute_local:bl
scrov$command$tokens:$k
scrov$core$app:Hl
scrov$core$root:Gl
scrov$data$open_db:dl
scrov$data$put_BANG_:el
scrov$macros$component:kl
scrov$macros$run_macro_BANG_:jl
scrov$network$parse_json:vl
scrov$network$request_BANG_:wl
scrov$ports$component:ul
scrov$ports$ports:tl
scrov$semantic$component:zl
scrov$state$app_state:X
scrov$terminal$component:pl
scrov$terminal$connect_BANG_:ol
scrov$terminal$socket:nl
scrov$userscripts$component:il
scrov$userscripts$execute_userscript_BANG_:hl
scrov$userscripts$parse_metadata:fl
scrov$userscripts$save_BANG_:gl
scrov$workspace$command_footer:Al
scrov$workspace$component:Fl
scrov$workspace$header:El
scrov$workspace$home:Bl
scrov$workspace$network_panel:Cl
scrov$workspace$render_panel:Dl
shadow$js$files:xi
shadow$js$jsRequire:Ai
shadow$js$nativeProvides:yi
shadow$js$requireStack:zi
