JSCompiler_StaticMethods_assoc_BANG_:me
JSCompiler_StaticMethods_cljs$core$ITransientVector$_assoc_n_BANG_$arity$3:sd
JSCompiler_StaticMethods_sval:Fc
JSCompiler_prototypeAlias:f
L 0:a
L 1:b
L 10:n
L 11:p
L 12:q
L 13:r
L 14:w
L 15:A
L 16:B
L 17:F
L 18:J
L 19:O
L 2:c
L 20:ca
L 21:ua
L 22:Id
L 3:d
L 4:e
L 5:g
L 6:h
L 7:k
L 8:l
L 9:m
cljs$core$ArrayChunk:Hc
cljs$core$ArrayNode:Xd
cljs$core$ArrayNodeIterator:ae
cljs$core$ArrayNodeSeq:he
cljs$core$BitmapIndexedNode:Td
cljs$core$BitmapIndexedNode$EMPTY:Wd
cljs$core$Box:Od
cljs$core$ChunkBuffer:Gc
cljs$core$ChunkedCons:Ic
cljs$core$ChunkedSeq:od
cljs$core$Cons:Ac
cljs$core$ES6EntriesIterator:wd
cljs$core$ES6Iterator:Cb
cljs$core$ES6IteratorSeq:Db
cljs$core$EmptyList:zc
cljs$core$HashCollisionNode:ee
cljs$core$HashMapIter:je
cljs$core$IAssociative:va
cljs$core$ICounted:ja
cljs$core$IEmptyableCollection:la
cljs$core$IIndexed:oa
cljs$core$IIndexed$_nth$dyn_9343:pa
cljs$core$IIterable:ab
cljs$core$IKVReduce:Ja
cljs$core$IList:Qa
cljs$core$ILookup:ra
cljs$core$ILookup$_lookup$dyn_9349:ta
cljs$core$IMap:ya
cljs$core$IMeta:Da
cljs$core$INext:qa
cljs$core$IPrintWithWriter:Sa
cljs$core$IRecord:Ra
cljs$core$IReduce:Ga
cljs$core$IReduce$_reduce$dyn_9366:Ia
cljs$core$ISeqable:Na
cljs$core$ISequential:Pa
cljs$core$ITER_SYMBOL:ia
cljs$core$IVector:Ba
cljs$core$IndexedSeq:M
cljs$core$IndexedSeqIterator:Sb
cljs$core$KeySeq:ne
cljs$core$Keyword:I
cljs$core$LazySeq:Ec
cljs$core$List:Xb
cljs$core$List$EMPTY:P
cljs$core$MapEntry:yd
cljs$core$MetaFn:cc
cljs$core$NeverEquiv:td
cljs$core$NodeIterator:Sd
cljs$core$NodeSeq:fe
cljs$core$PROTOCOL_SENTINEL:u
cljs$core$PersistentArrayMap:eb
cljs$core$PersistentArrayMap$EMPTY:Fd
cljs$core$PersistentArrayMap$HASHMAP_THRESHOLD:Gd
cljs$core$PersistentArrayMap$createAsIfByAssocComplexPath:bc
cljs$core$PersistentArrayMapIterator:Bd
cljs$core$PersistentArrayMapSeq:Ad
cljs$core$PersistentHashMap:ke
cljs$core$PersistentHashMap$EMPTY:Hd
cljs$core$PersistentVector:Y
cljs$core$PersistentVector$EMPTY:Wb
cljs$core$PersistentVector$EMPTY_NODE:nd
cljs$core$RangedIterator:fd
cljs$core$Reduced:Ib
cljs$core$StringBufferWriter:cb
cljs$core$Symbol:ub
cljs$core$TransientArrayMap:Ed
cljs$core$TransientHashMap:le
cljs$core$TransientVector:id
cljs$core$ValSeq:oe
cljs$core$VectorNode:Yc
cljs$core$_EQ_:R
cljs$core$_STAR_print_level_STAR_:fa
cljs$core$_as_transient:Ua
cljs$core$_assoc:xa
cljs$core$_assoc_BANG_:Xa
cljs$core$_chunked_first:Za
cljs$core$_chunked_rest:$a
cljs$core$_conj:na
cljs$core$_conj_BANG_:Va
cljs$core$_contains_key_QMARK_:wa
cljs$core$_count:ka
cljs$core$_deref:Ca
cljs$core$_drop_first:Ya
cljs$core$_empty:ma
cljs$core$_equiv:La
cljs$core$_first:E
cljs$core$_hash:Ma
cljs$core$_indexOf$cljs$0core$0IFn$0_invoke$0arity$03:T
cljs$core$_iterator:bb
cljs$core$_key:za
cljs$core$_kv_reduce:Ka
cljs$core$_lastIndexOf$cljs$0core$0IFn$0_invoke$0arity$03:V
cljs$core$_lookup:sa
cljs$core$_meta:Ea
cljs$core$_nth:D
cljs$core$_persistent_BANG_:Wa
cljs$core$_pr_writer:Ta
cljs$core$_reduce:Ha
cljs$core$_rest:G
cljs$core$_seq:Oa
cljs$core$_val:Aa
cljs$core$_with_meta:Fa
cljs$core$_write:H
cljs$core$aclone:C
cljs$core$apply:dc
cljs$core$apply$cljs$0core$0IFn$0_invoke$0arity$02:Tc
cljs$core$apply$cljs$0core$0IFn$0_invoke$0arity$03:Uc
cljs$core$apply_to:Nc
cljs$core$apply_to_simple$cljs$0core$0IFn$0_invoke$0arity$03:Pc
cljs$core$apply_to_simple$cljs$0core$0IFn$0_invoke$0arity$04:Qc
cljs$core$apply_to_simple$cljs$0core$0IFn$0_invoke$0arity$05:Rc
cljs$core$apply_to_simple$cljs$0core$0IFn$0_invoke$0arity$06:Sc
cljs$core$array__GT_transient_hash_map:Nd
cljs$core$array_copy:lc
cljs$core$array_for:dd
cljs$core$array_index_of:xd
cljs$core$array_reduce$cljs$0core$0IFn$0_invoke$0arity$02:Lb
cljs$core$array_reduce$cljs$0core$0IFn$0_invoke$0arity$03:Mb
cljs$core$array_reduce$cljs$0core$0IFn$0_invoke$0arity$04:Nb
cljs$core$assoc:$b
cljs$core$bit_count:yc
cljs$core$boolean$0:nc
cljs$core$bounded_count:Lc
cljs$core$char_escapes:se
cljs$core$chunk_append:Kc
cljs$core$chunk_cons:Jc
cljs$core$chunked_seq:md
cljs$core$chunked_seq$cljs$0core$0IFn$0_invoke$0arity$04:ld
cljs$core$chunked_seq$cljs$0core$0IFn$0_invoke$0arity$05:pd
cljs$core$chunked_seq_QMARK_:kc
cljs$core$clone_and_set$cljs$0core$0IFn$0_invoke$0arity$03:Pd
cljs$core$conj:Vb
cljs$core$cons:W
cljs$core$contains_QMARK_:oc
cljs$core$count:U
cljs$core$counted_QMARK_:Ob
cljs$core$create_array_node_seq:ce
cljs$core$create_array_node_seq$cljs$0core$0IFn$0_invoke$0arity$01:be
cljs$core$create_array_node_seq$cljs$0core$0IFn$0_invoke$0arity$03:ie
cljs$core$create_inode_seq:Vd
cljs$core$create_inode_seq$cljs$0core$0IFn$0_invoke$0arity$01:Ud
cljs$core$create_inode_seq$cljs$0core$0IFn$0_invoke$0arity$03:ge
cljs$core$create_node:Zd
cljs$core$create_node$cljs$0core$0IFn$0_invoke$0arity$06:$d
cljs$core$create_node$cljs$0core$0IFn$0_invoke$0arity$07:Yd
cljs$core$deref:Kb
cljs$core$do_assoc:ed
cljs$core$edit_and_set$cljs$0core$0IFn$0_invoke$0arity$04:Qd
cljs$core$empty_ordered_hash:Fb
cljs$core$empty_unordered_hash:Hb
cljs$core$equiv_map:vd
cljs$core$equiv_sequential:Tb
cljs$core$es6_iterator:S
cljs$core$es6_iterator_seq:Ab
cljs$core$every_QMARK_:Wc
cljs$core$first:N
cljs$core$get:wb
cljs$core$get$cljs$0core$0IFn$0_invoke$0arity$02:vb
cljs$core$get$cljs$0core$0IFn$0_invoke$0arity$03:xb
cljs$core$hash:sb
cljs$core$hash_collision_node_find_index:de
cljs$core$hash_combine:tb
cljs$core$hash_ordered_coll:Eb
cljs$core$hash_string:rb
cljs$core$hash_unordered_coll:Gb
cljs$core$identity:wc
cljs$core$imul:kb
cljs$core$indexed_QMARK_:Pb
cljs$core$inode_kv_reduce:Rd
cljs$core$into$cljs$0core$0IFn$0_invoke$0arity$02:Xc
cljs$core$iter_reduce$cljs$0core$0IFn$0_invoke$0arity$02:tc
cljs$core$iter_reduce$cljs$0core$0IFn$0_invoke$0arity$03:uc
cljs$core$iterable_QMARK_:zb
cljs$core$key:Ld
cljs$core$key_test:ac
cljs$core$keys:Cd
cljs$core$keyword:Cc
cljs$core$lift_ns:Ae
cljs$core$linear_traversal_nth$cljs$0core$0IFn$0_invoke$0arity$03:Yb
cljs$core$lookup_sentinel:mc
cljs$core$m3_fmix:nb
cljs$core$m3_hash_unencoded_chars:ob
cljs$core$m3_mix_H1:mb
cljs$core$m3_mix_K1:lb
cljs$core$map:X
cljs$core$map_QMARK_:hc
cljs$core$map_entry_QMARK_:zd
cljs$core$meta:fc
cljs$core$missing_protocol:y
cljs$core$name:Dc
cljs$core$namespace:Bc
cljs$core$native_satisfies_QMARK_:x
cljs$core$never_equiv:ud
cljs$core$new_path:ad
cljs$core$next:Q
cljs$core$next_STAR_:Oc
cljs$core$nth:Rb
cljs$core$nth$cljs$0core$0IFn$0_invoke$0arity$02:Qb
cljs$core$nth$cljs$0core$0IFn$0_invoke$0arity$03:Zb
cljs$core$pam_grow_seed_array:Kd
cljs$core$pam_new_size:Jd
cljs$core$pr_sequential_writer:pe
cljs$core$pr_str_STAR_:db
cljs$core$pr_writer:Z
cljs$core$pr_writer_impl:ve
cljs$core$prim_seq$cljs$0core$0IFn$0_invoke$0arity$02:Ub
cljs$core$print_map:we
cljs$core$print_meta_QMARK_:ue
cljs$core$print_prefix_map:Be
cljs$core$push_tail:bd
cljs$core$pv_fresh_node:Zc
cljs$core$pv_reduce$cljs$0core$0IFn$0_invoke$0arity$04:gd
cljs$core$pv_reduce$cljs$0core$0IFn$0_invoke$0arity$05:hd
cljs$core$quot:xc
cljs$core$quote_string:te
cljs$core$record_QMARK_:ic
cljs$core$reduce:rc
cljs$core$reduce$cljs$0core$0IFn$0_invoke$0arity$03:qc
cljs$core$reduce_kv:vc
cljs$core$reduced_QMARK_:Jb
cljs$core$rest:Bb
cljs$core$seq:K
cljs$core$seq_reduce$cljs$0core$0IFn$0_invoke$0arity$02:pc
cljs$core$seq_reduce$cljs$0core$0IFn$0_invoke$0arity$03:sc
cljs$core$sequential_QMARK_:gc
cljs$core$spread:Mc
cljs$core$str:z
cljs$core$string_hash_cache:pb
cljs$core$string_hash_cache_count:qb
cljs$core$strip_ns:ze
cljs$core$symbol:yb
cljs$core$t_cljs$0core8314:Vc
cljs$core$tail_off:$c
cljs$core$truth_:v
cljs$core$tv_editable_root:jd
cljs$core$tv_editable_tail:kd
cljs$core$tv_ensure_editable:qd
cljs$core$tv_push_tail:rd
cljs$core$type__GT_str:ha
cljs$core$unchecked_array_for:cd
cljs$core$val:Md
cljs$core$vals:Dd
cljs$core$vector_QMARK_:jc
cljs$core$with_meta:ec
cljs$core$write_all$cljs$0core$0IFn$0_invoke$0arity$0variadic:re
cljs$cst$0$flush_on_newline:fb
cljs$cst$1$readably:gb
cljs$cst$105$more_marker:qe
cljs$cst$106$alt_impl:xe
cljs$cst$107$fallback_impl:ye
cljs$cst$2$meta:hb
cljs$cst$3$dup:ib
cljs$cst$4$print_length:jb
goog$UID_PROPERTY_:aa
goog$string$StringBuffer:ea
goog$typeOf:t
goog$uidCounter_:ba
module$contents$goog$object_getKeys:da
